<!DOCTYPE html>
<html>
    
    <head></head>
    
    <body>
        <h1>Some header text</h1>
    </body>

</html>
